........................................................................ [  7%]
........................................................................ [ 15%]
........................................................................ [ 23%]
........................................................................ [ 31%]
........................................................................ [ 38%]
........................................................................ [ 46%]
........................................................................ [ 54%]
........................................................................ [ 62%]
........................................................................ [ 69%]
............................................s........................... [ 77%]
........................................................................ [ 85%]
........................................................................ [ 93%]
............................................ [ 97%]
...................                                                      [100%]
926 passed, 1 skipped, 28 subtests passed in 29.95s
